040PIC.GIF      Rocky Scenic View of A Ocean (640x480x256)
0826PICG.GIF    Tree by Pond (640x480x256)
0828PICG.GIF    Waterfall (640x480x256)
2DISH.GIF       G Rated GIF Picture (1024x768x256)
2EYES.GIF       The Eyes Have it (800x600x256)
2OCEAN.GIF      G Rated GIF Picture (1024x768x256)
2ROMAN.GIF      G Rated GIF Picture (1024x768x256)
2SPOT.GIF       G Rated GIF Picture (1024x768x256)
2WATER.GIF      Glass of Water (1024x768x256
ADVEN1.GIF      GIF Picture of Adventures (320x200x256)
ADVEN2.GIF      GIF Picture of Adventures (320x200x256)
ADVEN3.GIF      GIF Pictures of Adventures (320x200x256)
AI_G_001.GIF    Hi-Res American Scenes (640x480x256)
AI_G_002.GIF    Hi-Res American Scenes (640x480x256)
AI_G_003.GIF    Hi-Res American Scenes (640x480x256)
AI_G_004.GIF    Hi-Res American Scenes (640x480x256)
AI_G_005.GIF    Hi-Res American Scenes (640x480x256)
AI_G_006.GIF    Hi-Res American Scenes (640x480x256)
AKAKA.GIF       HawaII, Akaka Falls St. Park (640x480x256)
AKAKA2.GIF      Waterfalls (640x480x256)
AMER01_I.GIF    Mountain View (640x480x256)
AMER02_I.GIF    Nature Scene (640x480x256)
AMER04_I.GIF    Nature Scene (640x480x256)
AMER05_I.GIF    Nature Scene (640x480x256)
AMER06_I.GIF    Nature Scene (640x480x256)
APAULA1.GIF     Young Lady in Fishnets (640x480x256)
APR89.GIF       Green-Eyed Girl in Bathing Suit (640x480x25
ATRIUM2.GIF     Atrium        (640x440x256)
AUTUMN1.GIF     Autumn in Kentucky Scene (640x480x256)
B2.GIF          Bathing Suit (640x480x256)
B3.GIF          Bathing Suit (640x480x256)
B4.GIF          Bathing Suit (640x480x256)
B5.GIF          Bathing Suit (640x480x256)
B6.GIF          Bathing Suit (640x480x256)
B7.GIF          Bathing Suit (640x480x256)
B8.GIF          Bathing Suit (640x480x256)
B9.GIF          Bathing Suit (640x480x256)
BABE01.GIF      High Res Swimsuit (582x784x256) (582x784x25
BABE02.GIF      High Res Swimsuit (296x776x256) (296x776x25
BIRCHILL.GIF    Excellent Scenic (640x480x256)
BIRD01.GIF      Photo of an Owl (640x400x256)
BIRD10.GIF      Close up Photograph of an Eagle (640x400x25
BLUESUIT.GIF    G Rated GIF Picture (640x480x256)
BLUEYES.GIF     Lovely Face (320x200x256)
BUDGIRLS.GIF    Budweiser Girls (512x400x256)
CARMEN6.GIF     Girl           (640x400x256)
CAROL.GIF       A Pretty Face (320x200x256)
CHICKS.GIF      3 Girls in Skimpy Clothes (320x200x256)
CNDY10.GIF      Hot Babe Climbing on Rocks (640x480x256)
CNDY4.GIF       Hot Girl in A Low Cut (640x480x256)
CNDY5.GIF       Hot Girl in A Two Piece (640x480x256)
CNDY6.GIF       Hot Women in A One Piece Suit (640x480x256)
CNDY7.GIF       Hot Babe in A Two Piece Suit (640x480x256)
CNDY9.GIF       Chick in A One Piece (640x480x256)
COVER89.GIF     SI Swimsuit Issue Cover 1989 (640x480x256)
CRCN01.GIF      Grand Canyon Scenic Photograph (640x480x256
CUTE4.GIF       Closeup of Terri Weigel (320x200x256)
DANLE.GIF       A Pretty Face (320x200x256)
DAPHNE.GIF      Exotic Lady (640x480x256)
DARE1.GIF       Model in A Swimsuit (640x400x256)
DEB4.GIF        Debbie Gibson (320x200x256)
DEB5.GIF        Debbie Gibson (320x200x256)
DEBBIEG.GIF     Debbie Gibson (320x200x256)
DEBRAJ.GIF      A Pretty Face (320x200x256)
DEC.GIF         Copacabana Beach, Rio de Janeir (640x480x25
DESERT1.GIF     GIF of A City in The Desert (1024x768x256
DREAM.GIF       Dream House Drawing (320x200x 32)
DYEYOUNG.GIF    Julia Roberts (640x480x256)
EARTH3.GIF      The Earth        (640x400x256)
EARTH7.GIF      View of Earth From Space (640x480x256)
EASTWEST.GIF    Some Japanese Artwork (512x400x256)
ELEPHANT.GIF    African Elephants (640x400x256)
ELISE201.GIF    Girl (320x200x256)
ELITE90A.GIF    Swimsuit Pic (640x480x256)
ELITE90B.GIF    Teddy Nighty (640x480x256)
ELITE90C.GIF    Leather (640x480x256)
ELIZABTH.GIF    Girl in Fountain (640x480x256)
ELLE_M.GIF      A Great Shot of Elle McFearson
EXTEES.GIF      Gal in Swim Suit (640x480x256)
FLORIDA.GIF     Blonde Girl in A Bikini (470x494x256)
FL_G_01.GIF     Frog Labs, Dungen & Dragon (BW) Images
FL_G_02.GIF     Frog Labs, Dungen & Dragon (BW) Images
FL_G_03.GIF     Frog Labs, Dungen & Dragon (BW) Images
FL_G_04.GIF     Frog Labs, Dungen & Dragon (BW) Images
FL_G_05.GIF     Frog Labs, Dungen & Dragon (BW) Images
FL_G_06.GIF     Frog Labs, Dungen & Dragon (BW) Images
FL_G_07.GIF     Frog Labs, Dungen & Dragon (BW) Images
FL_G_08.GIF     Frog Labs, Dungen & Dragon (BW) Images
FL_G_09.GIF     Frog Labs, Dungen & Dragon (BW) Images
FL_G_10.GIF     Frog Labs, Dungen & Dragon (BW) Images
FL_G_11.GIF     Frog Labs, Dungen & Dragon (BW) Images
FL_G_12.GIF     Frog Labs, Dungen & Dragon (BW) Images
FL_G_13.GIF     Frog Labs, Dungen & Dragon (BW) Images
FL_G_14.GIF     Frog Labs, Dungen & Dragon (BW) Images
FOREST.GIF      Large Forest (640x400x256)
GALAXY1.GIF     Picture of Galaxy (640x480x256)
GALAXY2.GIF     Another Galaxy (640x480x256)
GALAXY3.GIF     Another Galaxy (640x480x256)
GALAXY4.GIF     Another Galaxy (640x480x256)
GATORS4.GIF     Girl in Swimsuit (640x480x256)
GATORS5.GIF     Girl in Swimsuit (640x480x256)
GATORS6.GIF     Girl in Swimsuit (640x480x256)
GATORS7.GIF     Babe Drinking Wine (640x480x256)
GATORS8.GIF     Beautiful Blonde Standing (640x480x256)
GATORS9.GIF     Hot Hot Babe on The Beach (640x480x256)
GOLDEN.GIF      Golden Gate Bridge (320x200x256)
GOOOD.GIF       Girl A Guy Lost His Head Over (640x480x256)
HARBOR.GIF      Harbor Scene (640x480x256)
HARD2.GIF       Pretty Girl (640x480x256)
HOOTERS.GIF     Busty Girl in T-Shirt (640x480x256)
I6A.GIF         Some Floating Balls (320x400x256)
I9B.GIF         Sign With Some (320x400x256)
IRELAN.GIF      Girl in Swimsuit (640x480x256)
JNCARS.GIF      Johnny Carson    (320x200x256)
JXLADY.GIF      Pretty Lady (400x640x256)
KBUSH1.GIF      G Rated GIF Picture (320x200x256)
KBUSH2.GIF      G Rated GIF Picture (320x200x256)
KBUSH3.GIF      G Rated GIF Picture (320x200x256)
KBUSH4.GIF      G Rated GIF Picture (320x200x256)
KESSIE.GIF      R Rated GIF (640x480x256)
KRISTINE.GIF    Pretty Girl (640x400x256)
LITHSE.GIF      Lighthouse in The Snow (640x480x256)
LOG1.GIF        GIF of A Tree in A Swamp (656x433x256)
LYNAE.GIF       Lady in Water (278x480x256)
MAIN16.GIF      Outdoor Scenery (640x480x256)
MBPAUL87.GIF    Pretty Girl (638x480x256)
MEGRYAN.GIF     Meg Ryan (640x480x256)
MLISSA.GIF      Swimsuit Shot (640x480x256)
MONET4.GIF      Beautiful Country Scene (640x473x256)
NEBULA1.GIF     Deep Space Image (474x431x256)
NEEDLE.GIF      G Rated Busty Blond Sewing (640x480x256)
NEP1.GIF        Picture of Neptune Taken by Voy (640x480x 16)
NEP2.GIF        Neptune From Voyager (640x480x 16)
NEP3.GIF        Neptune From Voyager (640x480x256)
NEP4.GIF        Neptune From Voyager (576x432x256)
NEP5.GIF        Neptune From Voyager (640x480x256)
NEP6.GIF        Neptune From Voyager (640x480x256)
NFE_G28.GIF     Tufted Titmouse (640x480x256)
NFE_G29.GIF     Close up of A Rabbit (333x480x256)
NFE_G30.GIF     Monarch Butterflies (321x480x256)
NLCRAW_1.GIF    Cindy Crawford at her best (640x480x256)
NLCRAW_2.GIF    Cindy Crawford at her best (640x480x256)
NLCRAW_3.GIF    Cindy Crawford at her best (640x480x256)
NLCRAW_4.GIF    Cindy Crawford at her best (640x480x256)
NLCRAW_5.GIF    Cindy Crawford at her best (640x480x256)
NLCRAW_9.GIF    Cindy Crawford at her best (640x480x256)
OCT88.GIF       Babe in A Swimsuit (640x480x256)
OPTIC1.GIF      A Pretty Face (640x350x 16)
PAUL10.GIF      Pauline (640x480x256)
PAUL11.GIF      Pauline (640x480x256)
PAUL12.GIF      Pauline (640x480x256)
PAUL14.GIF      Pauline (640x480x256)
PAULINA3.GIF    Lady in Jungle (640x480x256)
POPPYS.GIF      Beautiful But IllEGAl (640x480x256)
PTBUDGIR.GIF    Three Pretty Girls on Sailboat (640x480x256
PTPAUL1.GIF     Pretty Girl in Bikini (640x480x256)
RANCH.GIF       Desert Ranch & Surfboards (637x480x256)
ROBDAT2.GIF     G Rated GIF Picture (1024x768x256)
ROBOTRY2.GIF    G Rated GIF Picture (512x480x256)
ROLL1.GIF       Space Shuttle on Launch Pad (640x480x256)
SA59.GIF        Space Shuttle in Orbit (640x480x256)
SA68.GIF        Cargo Bay of Shuttle (560x472x256)
SA70.GIF        Shuttle on Launch Pad (640x480x256)
SCENICSN.GIF    Cabin Scene in The Mountains (320x200x256)
SEAVIEW1.GIF    Undersea Photography, Brain Cor (640x480x25
SEAVIEW2.GIF    Second of Series (640x480x256)
SEAVIEW3.GIF    Undersea Photography SVGA & 256 (640x480x25
SEAVIEW4.GIF    Clam Siphon in Undersea Photogr (640x480x25
SEAVIEW5.GIF    Another Siphon in Series (640x480x256)
SEAVIEW6.GIF    Colorful Starfish on Algeaed ro (640x480x25
SEAVIEW7.GIF    Sea-Snail, Brilliant Colors (640x480x256)
SEP.GIF         Colosseum, Rome, Italy (640x480x256)
SEYMOUR.GIF     Wet T-Shirt (640x480x256)
SHTL01.GIF      Space Shuttle Challenger Liftoff(640x480x25)
SHTL02.GIF      Space Shuttle Challenger Liftoff(640x480x25)
SHTL03.GIF      Space Shuttle Challenger Liftoff(640x480x25)
SHTL04.GIF      Space Shuttle Challenger Liftoff(640x480x25)
SHTL10.GIF      Space Shuttle Challenger Liftoff(640x480x25)
SHTL20.GIF      Space Shuttle Challenger Liftoff(640x480x25)
SHTL23.GIF      Space Shuttle Challenger Liftoff(640x480x25)
SI07_I.GIF      Sports Illustrated 1990 (640x480x256)
SI1990A.GIF     Sports Illustrated 1990 (627x480x256)
SI1990B.GIF     Sports Illustrated 1990 (640x480x256)
SI25P.GIF       si 25th Annv Racheal Hunter (640x480x256)
SI91_01.GIF     Sports Illustrated 1991 (640x480x256)
SI91_02.GIF     Sports Illustrated 1991 (640x480x256)
SI91_03.GIF     Sports Illustrated 1991 (640x480x256)
SI91_04.GIF     Sports Illustrated 1991 (640x480x256)
SI91_05.GIF     Sports Illustrated 1991 (640x480x256)
SI91_06.GIF     Sports Illustrated 1991 (640x480x256)
SI91_07.GIF     Sports Illustrated 1991 (640x480x256)
SI91_08.GIF     Sports Illustrated 1991 (640x480x256)
SI91_09.GIF     Sports Illustrated 1991 (640x480x256)
SI91_10.GIF     Sports Illustrated 1991 (640x480x256)
SI91_11.GIF     Sports Illustrated 1991 (640x480x256)
SI91_12.GIF     Sports Illustrated 1991 (640x480x256)
SI91_13.GIF     Sports Illustrated 1991 (640x480x256)
SI91_14.GIF     Sports Illustrated 1991 (640x480x256)
SI91_15.GIF     Sports Illustrated 1991 (640x480x256)
SI91_16.GIF     Sports Illustrated 1991 (640x480x256)
SI91_17.GIF     Sports Illustrated 1991 (640x480x256)
SILK.GIF        Beautiful Girl (640x480x256)
SILK3.GIF       Beautiful Girl (640x480x256)
SIMONE.GIF      Simone Eden (640x480x256)
SKYLAB.GIF      Skylab From The Apollo Csm (640x480x256)
SNOW.GIF        Mountain Snow Scene (320x200x256)
SONDRA.GIF      A Pretty Face (320x200x256)
SPHERE1.GIF     Fractal Sphere (640x480x256)
SPORT15.GIF     Girl in Swimsuit (320x200x256)
SPRTVT.GIF      G Rated GIF Picture (640x480x256)
STEPH.GIF       Nice Lady (281x413x256)
STONEMT.GIF     Stone Mountian Georgia (320x200x256)
STS_1.GIF       Space Shuttle (746x589x256)
STS_1_8.GIF     Space Shuttle (746x589x256)
SUNDOWN.GIF     Sunset Over Lake (640x454x256)
SW35.GIF        Swimsuit (640x480x256)
SW88.GIF        Girl in Bathing Suit (640x480x256)
SWIM.GIF        Girl in Swimsuit (640x480x256)
SWIM1.GIF       3 Ladies in Bikinis (640x480x256)
SWIMSUIT.GIF    Cute Girl in Swimsuit (253x200x256)
TITAN1.GIF      Nasa GIF of Titan (418x402x256)
TITAN2.GIF      Nasa GIF of Titan (418x402x128)
TP_GIRLS.GIF    The Girls of Twin Peaks
TRAVEL01.GIF    Lower Manhatten Skyline at Nigh (640x480x25)
TRAVEL02.GIF    New York City at Night (640x480x256)
TRAVEL03.GIF    Aerial View of Manhatten (640x480x256)
TRAVEL04.GIF    Manhatten Skyline in Daytime (640x480x256)
TRAVEL05.GIF    Brooklyn Bridge & Manhatten (640x480x256)
TRAVEL06.GIF    American Side of Niagara Falls (640x480x256
TRAVEL07.GIF    Southern Tip of Manhatten (640x480x256)
TRAVEL08.GIF    Times Square in Daytime (640x480x256)
TWINS.GIF       Boris Painting of Twins (320x200x256)
TWINS2.GIF      A Great Shot of Twins (640x480x256)
VCTORIA2.GIF    Girl in White Short Shorts (422x374x256)
VIEW1.GIF       Scenic Mountain Picture (640x480x256)
WATER.GIF       Water Fountain (320x200x256)
WATERBOW.GIF    G Rated GIF Picture (640x480x256)
WG_G_010.GIF    Frank Sinatra  (640x480x256)
WG_G_011.GIF    James Stewart  (640x480x256)
WG_G_012.GIF    Jennifer Jones (640x480x256)
WG_G_013.GIF    Gloria Gaynur  (640x480x256)
WG_G_014.GIF    Lassie         (640x480x256)
WG_G_015.GIF    A. Cyborg      (640x480x256)
WG_G_016.GIF    Lanna Turner   (640x480x256)
WHATABOD.GIF    Nice Lady (576x720x256)
WILD03_I.GIF    Cougar in The Snow (640x480x256)
WILD04_I.GIF    Elephants Walking Through Plant (640x480x25
WILD06_I.GIF    Lion And Her Cub (640x480x256)
WILD09_I.GIF    Hundreds of wild fish (640x480x256)
WILD10_I.GIF    A Family of Seals (640x480x256)
WILD11_I.GIF    A Wild White Fox  (640x480x256)
WILD12_I.GIF    White Goats       (640x480x256)
WILD13_I.GIF    Monkey            (640x480x256)
WILD14_I.GIF    Tiger             (640x480x256)
WILD15.GIF      Collection of Several Animals (640x480x256)
WORLD005.GIF    G Rated GIF Picture (640x480x256)
YODA.GIF        Jedi Master (640x480x256)
